 backlog (3)         todo (0)            in-progress (0)     review (0)          done (15)          
┏━━━━━━━━━━━━━━━━━━┓  (empty)             (empty)             (empty)           ╭──────────────────╮
┃ #18 Backlog task ┃                                                            │ #12 Done task 12 │
┃ 18               ┃                                                            │ critical         │
┃ medium           ┃                                                            ╰──────────────────╯
┗━━━━━━━━━━━━━━━━━━┛                                                            ╭──────────────────╮
╭──────────────────╮                                                            │ #8 Done task 8   │
│ #17 Backlog task │                                                            │ critical         │
│ 17               │                                                            ╰──────────────────╯
│ medium           │                                                            ╭──────────────────╮
╰──────────────────╯                                                            │ #4 Done task 4   │
╭──────────────────╮                                                            │ critical         │
│ #16 Backlog task │                                                            ╰──────────────────╯
│ 16               │                                                            ╭──────────────────╮
│ medium           │                                                            │ #13 Done task 13 │
╰──────────────────╯                                                            │ high             │
                                                                                ╰──────────────────╯
                                                                                ╭──────────────────╮
                                                                                │ #9 Done task 9   │
                                                                                │ high             │
                                                                                ╰──────────────────╯
                                                                                ╭──────────────────╮
                                                                                │ #5 Done task 5   │
                                                                                │ high             │
                                                                                ╰──────────────────╯
                                                                                  ↓ 9 more          
                                                                                                    
                                                                                                    
                                                                                                    
 18 cards | ? help | create edit move +/- priority delete sort[priority↓] / search quit             