 backlog 2  todo 0  in-progr 1  review 0  done 1
 backlog (2)
╭──────────────────────────────────────────────╮
│ #1 Task A                                    │
│ high                                         │
╰──────────────────────────────────────────────╯
╭──────────────────────────────────────────────╮
│ #2 Task B                                    │
│ medium                                       │
╰──────────────────────────────────────────────╯













 4 cards | ? help | create edit move +/- prio...