 backlog (3)         todo (0)            in-progress (0)     review (0)          done (15)          
╭──────────────────╮  (empty)             (empty)             (empty)             ↑ 5 more          
│ #18 Backlog task │                                                            ╭──────────────────╮
│ 18               │                                                            │ #5 Done task 5   │
│ medium           │                                                            │ high             │
╰──────────────────╯                                                            ╰──────────────────╯
╭──────────────────╮                                                            ╭──────────────────╮
│ #17 Backlog task │                                                            │ #1 Done task 1   │
│ 17               │                                                            │ high             │
│ medium           │                                                            ╰──────────────────╯
╰──────────────────╯                                                            ╭──────────────────╮
╭──────────────────╮                                                            │ #14 Done task 14 │
│ #16 Backlog task │                                                            │ medium           │
│ 16               │                                                            ╰──────────────────╯
│ medium           │                                                            ╭──────────────────╮
╰──────────────────╯                                                            │ #10 Done task 10 │
                                                                                │ medium           │
                                                                                ╰──────────────────╯
                                                                                ╭──────────────────╮
                                                                                │ #6 Done task 6   │
                                                                                │ medium           │
                                                                                ╰──────────────────╯
                                                                                ╭──────────────────╮
                                                                                │ #2 Done task 2   │
                                                                                │ medium           │
                                                                                ╰──────────────────╯
                                                                                  ↓ 4 more          
                                                                                                    
                                                                                                    
 18 cards | ? help | create edit move +/- priority delete sort[priority↓] level[all] / search quit  