 backlog (3)         todo (0)            in-progress (0)     review (0)          done (15)          
╭──────────────────╮  (empty)             (empty)             (empty)             ↑ 2 more          
│ #18 Backlog task │                                                            ╭──────────────────╮
│ 18               │                                                            │ #4 Done task 4   │
│ medium           │                                                            │ critical         │
╰──────────────────╯                                                            ╰──────────────────╯
╭──────────────────╮                                                            ╭──────────────────╮
│ #17 Backlog task │                                                            │ #13 Done task 13 │
│ 17               │                                                            │ high             │
│ medium           │                                                            ╰──────────────────╯
╰──────────────────╯                                                            ╭──────────────────╮
╭──────────────────╮                                                            │ #9 Done task 9   │
│ #16 Backlog task │                                                            │ high             │
│ 16               │                                                            ╰──────────────────╯
│ medium           │                                                            ╭──────────────────╮
╰──────────────────╯                                                            │ #5 Done task 5   │
                                                                                │ high             │
                                                                                ╰──────────────────╯
                                                                                  ↓ 9 more          
                                                                                                    
                                                                                                    
                                                                                                    
                                                                                                    
 18 cards | ? help | create edit move +/- priority delete sort[priority↓] level[all] / search quit  