 backlog (2)             todo (0)                in-progress (1)         review (0)              done (1)               
╭──────────────────────╮  (empty)               ╭──────────────────────╮  (empty)               ╭──────────────────────╮
│ #2 Task B            │                        │ #3 Task C            │                        │ #4 Task D            │
│ medium               │                        │ high 2h              │                        │ low                  │
╰──────────────────────╯                        ╰──────────────────────╯                        ╰──────────────────────╯
┏━━━━━━━━━━━━━━━━━━━━━━┓                                                                                                
┃ #1 Task A            ┃                                                                                                
┃ high                 ┃                                                                                                
┗━━━━━━━━━━━━━━━━━━━━━━┛                                                                                                
                                                                                                                        
                                                                                                                        
                                                                                                                        
                                                                                                                        
                                                                                                                        
                                                                                                                        
                                                                                                                        
                                                                                                                        
                                                                                                                        
                                                                                                                        
                                                                                                                        
                                                                                                                        
                                                                                                                        
                                                                                                                        
                                                                                                                        
                                                                                                                        
                                                                                                                        
                                                                                                                        
                                                                                                                        
                                                                                                                        
                                                                                                                        
                                                                                                                        
                                                                                                                        
                                                                                                                        
                                                                                                                        
                                                                                                                        
                                                                                                                        
                                                                                                                        
                                                                                                                        
                                                                                                                        
 4 cards | ? help | create edit move +/- priority delete sort[title↓] / search quit                                     